MAP
  NAME "Map Warper Layer"
  SIZE 256 256
  EXTENT -180 -90 180 90
  IMAGETYPE png
  #INTERLACE OFF
  UNITS DD

  PROJECTION
"init=epsg:4326"
  END

  WEB
    IMAGEPATH "/tmp"
    METADATA
      "wms_title"     "Map Warper WMS Layer"
      "wms_srs"       "EPSG:4269 EPSG:4326 EPSG:900913"
    END
  END

  LAYER
    NAME '1'
    TILEINDEX "spec/fixtures/maps/deleteme.shp "
    TILEITEM "Location"
    TYPE RASTER
    METADATA
      'wms_title' 'Layer a layer '
    END
    STATUS ON
    TRANSPARENCY 100
    PROJECTION
        'init=epsg:4326'
    END
 END

  OUTPUTFORMAT
    NAME GEOTIFF
    DRIVER "GDAL/GTiff"
    MIMETYPE "image/tiff"
    IMAGEMODE "BYTE"
    EXTENSION "tif"
  END
  OUTPUTFORMAT
    NAME "png"
    DRIVER "GD/PNG"
    IMAGEMODE "rgba"
    EXTENSION "png"
    MIMETYPE "image/png"
    IMAGEMODE RGBA
    TRANSPARENT on
  END
  OUTPUTFORMAT
    NAME "png8"
    DRIVER "GD/PNG"
    IMAGEMODE "rgba"
    EXTENSION "png"
    MIMETYPE "image/png"
    TRANSPARENT on
    FORMATOPTION "QUANTIZE_FORCE=ON"
    FORMATOPTION "QUANTIZE_DITHER=ON"
    FORMATOPTION "QUANTIZE_COLORS=250"
  END
  OUTPUTFORMAT
    NAME "gif"
    DRIVER "GD/GIF"
    MIMETYPE "image/gif"
    IMAGEMODE PC256
    EXTENSION "gif"
    TRANSPARENT ON
  END
END
